[htmlstream.com/preview/unify-v1.9.6/E-Commerce/shop-ui-filter-grid.html]
[backblue.gif]
[fade.gif]
[index.html]
[htmlstream.com/preview/unify-v1.9.6/E-Commerce/favicon.ico]
[htmlstream.com/preview/unify-v1.9.6/E-Commerce/shop-ui-add-to-cart.html]
[htmlstream.com/preview/unify-v1.9.6/E-Commerce/shop-ui-login.html]
[htmlstream.com/preview/unify-v1.9.6/E-Commerce/shop-ui-register.html]
[htmlstream.com/preview/unify-v1.9.6/E-Commerce/index.html]
[htmlstream.com/preview/unify-v1.9.6/E-Commerce/assets/img/logo.png]
[htmlstream.com/preview/unify-v1.9.6/E-Commerce/assets/img/thumb/05.jpg]
[htmlstream.com/preview/unify-v1.9.6/E-Commerce/assets/img/thumb/02.jpg]
[htmlstream.com/preview/unify-v1.9.6/E-Commerce/assets/img/thumb/03.jpg]
[htmlstream.com/preview/unify-v1.9.6/E-Commerce/shop-ui-inner.html]
[htmlstream.com/preview/unify-v1.9.6/E-Commerce/shop-ui-filter-list.html]
[htmlstream.com/preview/unify-v1.9.6/E-Commerce/assets/img/blog/01.jpg]
[htmlstream.com/preview/unify-v1.9.6/E-Commerce/assets/img/blog/02.jpg]
[htmlstream.com/preview/unify-v1.9.6/E-Commerce/assets/img/blog/03.jpg]
[htmlstream.com/preview/unify-v1.9.6/E-Commerce/assets/img/colors/01.jpg]
[htmlstream.com/preview/unify-v1.9.6/E-Commerce/assets/img/colors/02.jpg]
[htmlstream.com/preview/unify-v1.9.6/E-Commerce/assets/img/colors/03.jpg]
[htmlstream.com/preview/unify-v1.9.6/E-Commerce/assets/img/colors/04.jpg]
[htmlstream.com/preview/unify-v1.9.6/E-Commerce/assets/img/colors/05.jpg]
[htmlstream.com/preview/unify-v1.9.6/E-Commerce/assets/img/colors/06.jpg]
[htmlstream.com/preview/unify-v1.9.6/E-Commerce/assets/img/colors/07.jpg]
[htmlstream.com/preview/unify-v1.9.6/E-Commerce/assets/img/blog/16.jpg]
[htmlstream.com/preview/unify-v1.9.6/E-Commerce/assets/img/blog/17.jpg]
[htmlstream.com/preview/unify-v1.9.6/E-Commerce/assets/img/blog/18.jpg]
[htmlstream.com/preview/unify-v1.9.6/E-Commerce/assets/img/blog/21.jpg]
[htmlstream.com/preview/unify-v1.9.6/E-Commerce/assets/img/blog/22.jpg]
[htmlstream.com/preview/unify-v1.9.6/E-Commerce/assets/img/blog/23.jpg]
[htmlstream.com/preview/unify-v1.9.6/E-Commerce/assets/img/logo-2.png]
[htmlstream.com/preview/unify-v1.9.6/E-Commerce/RTL/shop-ui-filter-grid.html]
[htmlstream.com/preview/unify-v1.9.6/E-Commerce/assets/plugins/jquery/jquery.min.js]
[htmlstream.com/preview/unify-v1.9.6/E-Commerce/assets/plugins/jquery/jquery-migrate.min.js]
[htmlstream.com/preview/unify-v1.9.6/E-Commerce/assets/plugins/bootstrap/js/bootstrap.min.js]
[htmlstream.com/preview/unify-v1.9.6/E-Commerce/assets/plugins/back-to-top.js]
[htmlstream.com/preview/unify-v1.9.6/E-Commerce/assets/plugins/smoothScroll.js]
[htmlstream.com/preview/unify-v1.9.6/E-Commerce/assets/plugins/noUiSlider/jquery.nouislider.all.min.js]
[htmlstream.com/preview/unify-v1.9.6/E-Commerce/assets/plugins/scrollbar/js/jquery.mCustomScrollbar.concat.min.js]
[htmlstream.com/preview/unify-v1.9.6/E-Commerce/assets/js/custom.js]
[htmlstream.com/preview/unify-v1.9.6/E-Commerce/assets/js/shop.app.js]
[htmlstream.com/preview/unify-v1.9.6/E-Commerce/assets/js/plugins/mouse-wheel.js]
[htmlstream.com/preview/unify-v1.9.6/E-Commerce/assets/js/plugins/style-switcher.js]
[htmlstream.com/preview/unify-v1.9.6/E-Commerce/shop-ui-filter-grid.html]
[htmlstream.com/preview/unify-v1.9.6/E-Commerce/assets/plugins/bootstrap/fonts/glyphicons-halflings-regular.eot]
[htmlstream.com/preview/unify-v1.9.6/E-Commerce/assets/plugins/bootstrap/fonts/glyphicons-halflings-regular.woff2]
[htmlstream.com/preview/unify-v1.9.6/E-Commerce/assets/plugins/bootstrap/fonts/glyphicons-halflings-regulard41d.eot]
[htmlstream.com/preview/unify-v1.9.6/E-Commerce/assets/plugins/bootstrap/fonts/glyphicons-halflings-regular.woff]
[htmlstream.com/preview/unify-v1.9.6/E-Commerce/assets/plugins/bootstrap/fonts/glyphicons-halflings-regular.ttf]
[htmlstream.com/preview/unify-v1.9.6/E-Commerce/assets/plugins/bootstrap/css/bootstrap.min.css]
[htmlstream.com/preview/unify-v1.9.6/E-Commerce/assets/img/blog/07.jpg]
[htmlstream.com/preview/unify-v1.9.6/E-Commerce/assets/img/blog/08.jpg]
[htmlstream.com/preview/unify-v1.9.6/E-Commerce/assets/img/blog/13.jpg]
[htmlstream.com/preview/unify-v1.9.6/E-Commerce/assets/img/blog/14.jpg]
[htmlstream.com/preview/unify-v1.9.6/E-Commerce/assets/img/blog/15.jpg]
[htmlstream.com/preview/unify-v1.9.6/E-Commerce/assets/img/twitter-bg.jpg]
[htmlstream.com/preview/unify-v1.9.6/E-Commerce/assets/img/collection-bg.jpg]
[htmlstream.com/preview/unify-v1.9.6/E-Commerce/assets/img/breadcrumbs-img.jpg]
[htmlstream.com/preview/unify-v1.9.6/E-Commerce/assets/css/shop.style.css]
[htmlstream.com/preview/unify-v1.9.6/E-Commerce/assets/css/headers/header-v5.css]
[htmlstream.com/preview/unify-v1.9.6/E-Commerce/assets/css/footers/footer-v4.css]
[htmlstream.com/preview/unify-v1.9.6/E-Commerce/assets/plugins/animate.css]
[htmlstream.com/preview/unify-v1.9.6/E-Commerce/assets/plugins/line-icons/fonts/Simple-Line-Icons.eot]
[htmlstream.com/preview/unify-v1.9.6/E-Commerce/assets/plugins/line-icons/fonts/Simple-Line-Icons.woff]
[htmlstream.com/preview/unify-v1.9.6/E-Commerce/assets/plugins/line-icons/fonts/Simple-Line-Iconsd41d.eot]
[htmlstream.com/preview/unify-v1.9.6/E-Commerce/assets/plugins/line-icons/fonts/Simple-Line-Icons.ttf]
[htmlstream.com/preview/unify-v1.9.6/E-Commerce/assets/plugins/line-icons/line-icons.css]
[htmlstream.com/preview/unify-v1.9.6/E-Commerce/assets/plugins/font-awesome/fonts/fontawesome-webfont78ce.eot]
[htmlstream.com/preview/unify-v1.9.6/E-Commerce/assets/plugins/font-awesome/fonts/fontawesome-webfontd41d.eot]
[htmlstream.com/preview/unify-v1.9.6/E-Commerce/assets/plugins/font-awesome/fonts/fontawesome-webfont78ce.woff]
[htmlstream.com/preview/unify-v1.9.6/E-Commerce/assets/plugins/font-awesome/fonts/fontawesome-webfont78ce.ttf]
[htmlstream.com/preview/unify-v1.9.6/E-Commerce/assets/plugins/font-awesome/css/font-awesome.min.css]
[htmlstream.com/preview/unify-v1.9.6/E-Commerce/assets/plugins/noUiSlider/jquery.nouislider.min.css]
[htmlstream.com/preview/unify-v1.9.6/E-Commerce/assets/plugins/scrollbar/css/jquery.mCustomScrollbar.css]
[htmlstream.com/preview/unify-v1.9.6/E-Commerce/assets/css/plugins/style-switcher.css]
[htmlstream.com/preview/unify-v1.9.6/E-Commerce/assets/css/theme-colors/default.css]
[htmlstream.com/preview/unify-v1.9.6/E-Commerce/assets/css/custom.css]
[htmlstream.com/preview/unify-v1.9.6/E-Commerce/assets/img/thumb/08.jpg]
[htmlstream.com/preview/unify-v1.9.6/E-Commerce/assets/img/thumb/07.jpg]
[htmlstream.com/preview/unify-v1.9.6/E-Commerce/assets/img/thumb/06.jpg]
[htmlstream.com/preview/unify-v1.9.6/E-Commerce/assets/img/thumb/09.jpg]
[www.paypalobjects.com/webstatic/en_US/i/buttons/PP_logo_h_150x38.png]
[htmlstream.com/preview/unify-v1.9.6/E-Commerce/RTL/shop-ui-add-to-cart.html]
[htmlstream.com/preview/unify-v1.9.6/E-Commerce/assets/plugins/jquery-steps/build/jquery.steps.js]
[htmlstream.com/preview/unify-v1.9.6/E-Commerce/assets/plugins/sky-forms-pro/skyforms/js/jquery.validate.min.js]
[htmlstream.com/preview/unify-v1.9.6/E-Commerce/assets/js/forms/page_login.js]
[htmlstream.com/preview/unify-v1.9.6/E-Commerce/assets/js/plugins/stepWizard.js]
[htmlstream.com/preview/unify-v1.9.6/E-Commerce/assets/js/forms/product-quantity.js]
[htmlstream.com/preview/unify-v1.9.6/E-Commerce/shop-ui-add-to-cart.html]
[htmlstream.com/preview/unify-v1.9.6/E-Commerce/assets/img/others/fb.png]
[connect.facebook.net/ru_RU/sdk.js]
[htmlstream.com/preview/unify-v1.9.6/E-Commerce/RTL/shop-ui-login.html]
[htmlstream.com/preview/unify-v1.9.6/E-Commerce/assets/plugins/sky-forms-pro/skyforms/js/jquery.form.min.js]
[htmlstream.com/preview/unify-v1.9.6/E-Commerce/assets/js/forms/page_contact_form.js]
[htmlstream.com/preview/unify-v1.9.6/E-Commerce/shop-ui-login.html]
[htmlstream.com/preview/unify-v1.9.6/E-Commerce/assets/img/map.png]
[htmlstream.com/preview/unify-v1.9.6/E-Commerce/RTL/shop-ui-register.html]
[htmlstream.com/preview/unify-v1.9.6/E-Commerce/assets/js/forms/page_registration.js]
[htmlstream.com/preview/unify-v1.9.6/E-Commerce/shop-ui-register.html]
[htmlstream.com/preview/unify-v1.9.6/E-Commerce/assets/img/1.jpg]
[htmlstream.com/preview/unify-v1.9.6/E-Commerce/assets/img/5.jpg]
[htmlstream.com/preview/unify-v1.9.6/E-Commerce/assets/img/3.jpg]
[htmlstream.com/preview/unify-v1.9.6/E-Commerce/assets/img/2.jpg]
[htmlstream.com/preview/unify-v1.9.6/E-Commerce/assets/img/4.jpg]
[htmlstream.com/preview/unify-v1.9.6/E-Commerce/assets/img/blog/09.jpg]
[htmlstream.com/preview/unify-v1.9.6/E-Commerce/assets/img/blog/26.jpg]
[htmlstream.com/preview/unify-v1.9.6/E-Commerce/assets/img/blog/11.jpg]
[htmlstream.com/preview/unify-v1.9.6/E-Commerce/assets/img/blog/12.jpg]
[htmlstream.com/preview/unify-v1.9.6/E-Commerce/assets/img/blog/10.jpg]
[htmlstream.com/preview/unify-v1.9.6/E-Commerce/assets/img/blog/25.jpg]
[htmlstream.com/preview/unify-v1.9.6/E-Commerce/assets/img/thumb/10.jpg]
[htmlstream.com/preview/unify-v1.9.6/E-Commerce/assets/img/thumb/04.jpg]
[htmlstream.com/preview/unify-v1.9.6/E-Commerce/assets/img/clients/07.png]
[htmlstream.com/preview/unify-v1.9.6/E-Commerce/assets/img/clients/08.png]
[htmlstream.com/preview/unify-v1.9.6/E-Commerce/assets/img/clients/10.png]
[htmlstream.com/preview/unify-v1.9.6/E-Commerce/assets/img/clients/11.png]
[htmlstream.com/preview/unify-v1.9.6/E-Commerce/assets/img/clients/09.png]
[htmlstream.com/preview/unify-v1.9.6/E-Commerce/assets/img/clients/12.png]
[htmlstream.com/preview/unify-v1.9.6/E-Commerce/RTL/index.html]
[htmlstream.com/preview/unify-v1.9.6/E-Commerce/assets/plugins/jquery.parallax.js]
[htmlstream.com/preview/unify-v1.9.6/E-Commerce/assets/plugins/owl-carousel/owl-carousel/owl.carousel.js]
[htmlstream.com/preview/unify-v1.9.6/E-Commerce/assets/plugins/revolution-slider/rs-plugin/js/jquery.themepunch.tools.min.js]
[htmlstream.com/preview/unify-v1.9.6/E-Commerce/assets/plugins/revolution-slider/rs-plugin/js/jquery.themepunch.revolution.min.js]
[htmlstream.com/preview/unify-v1.9.6/E-Commerce/assets/js/plugins/owl-carousel.js]
[htmlstream.com/preview/unify-v1.9.6/E-Commerce/assets/js/plugins/revolution-slider.js]
[htmlstream.com/preview/unify-v1.9.6/E-Commerce/index.html]
[htmlstream.com/preview/unify-v1.9.6/E-Commerce/assets/img/blank.gif]
[htmlstream.com/preview/unify-v1.9.6/E-Commerce/assets/img/blog/28-thumb.jpg]
[htmlstream.com/preview/unify-v1.9.6/E-Commerce/assets/img/blog/29-thumb.jpg]
[htmlstream.com/preview/unify-v1.9.6/E-Commerce/assets/img/blog/30-thumb.jpg]
[htmlstream.com/preview/unify-v1.9.6/E-Commerce/assets/img/team/01.jpg]
[htmlstream.com/preview/unify-v1.9.6/E-Commerce/RTL/shop-ui-inner.html]
[htmlstream.com/preview/unify-v1.9.6/E-Commerce/assets/plugins/master-slider/masterslider/masterslider.min.js]
[htmlstream.com/preview/unify-v1.9.6/E-Commerce/assets/plugins/master-slider/masterslider/jquery.easing.min.js]
[htmlstream.com/preview/unify-v1.9.6/E-Commerce/assets/js/plugins/master-slider.js]
[htmlstream.com/preview/unify-v1.9.6/E-Commerce/shop-ui-inner.html]
[htmlstream.com/preview/unify-v1.9.6/E-Commerce/RTL/shop-ui-filter-list.html]
[htmlstream.com/preview/unify-v1.9.6/E-Commerce/shop-ui-filter-list.html]
[htmlstream.com/preview/unify-v1.9.6/E-Commerce/RTL/favicon.ico]
[htmlstream.com/preview/unify-v1.9.6/E-Commerce/assets/plugins/bootstrap/css/bootstrap-rtl.min.css]
[htmlstream.com/preview/unify-v1.9.6/E-Commerce/assets/js/plugins/style-switcher-rtl.js]
[htmlstream.com/preview/unify-v1.9.6/E-Commerce/RTL/shop-ui-filter-grid.html]
[htmlstream.com/preview/unify-v1.9.6/E-Commerce/assets/plugins/bootstrap/fonts/glyphicons-halflings-regular.svg]
[htmlstream.com/preview/unify-v1.9.6/E-Commerce/assets/css/app.css]
[htmlstream.com/preview/unify-v1.9.6/E-Commerce/assets/css/blocks.css]
[htmlstream.com/preview/unify-v1.9.6/E-Commerce/assets/img/patterns/15.html]
[htmlstream.com/preview/unify-v1.9.6/E-Commerce/assets/plugins/line-icons/fonts/Simple-Line-Icons.svg]
[htmlstream.com/preview/unify-v1.9.6/E-Commerce/assets/plugins/font-awesome/fonts/fontawesome-webfont78ce.svg]
[htmlstream.com/preview/unify-v1.9.6/E-Commerce/assets/plugins/scrollbar/css/mCSB_buttons.html]
[htmlstream.com/preview/unify-v1.9.6/E-Commerce/assets/plugins/jquery-steps/css/custom-jquery.steps.css]
[htmlstream.com/preview/unify-v1.9.6/E-Commerce/RTL/shop-ui-add-to-cart.html]
[htmlstream.com/preview/unify-v1.9.6/E-Commerce/assets/css/pages/log-reg-v3.css]
[htmlstream.com/preview/unify-v1.9.6/E-Commerce/ABCDEFGHIJKLMNOPQRSTUVWXYZabcdefghijklmnopqrstuvwxyz0123456789+/index.html]
[htmlstream.com/preview/unify-v1.9.6/E-Commerce/dialog/index.html]
[htmlstream.com/preview/unify-v1.9.6/E-Commerce/%s/profile.cf4d6d.delayed]
[connect.facebook.net/ru_RU/sdk.js]
[htmlstream.com/preview/unify-v1.9.6/E-Commerce/RTL/shop-ui-login.html]
[htmlstream.com/preview/unify-v1.9.6/E-Commerce/RTL/shop-ui-register.html]
[htmlstream.com/preview/unify-v1.9.6/E-Commerce/assets/plugins/owl-carousel/owl-carousel/grabbing.png]
[htmlstream.com/preview/unify-v1.9.6/E-Commerce/assets/plugins/owl-carousel/owl-carousel/owl.carousel.css]
[htmlstream.com/preview/unify-v1.9.6/E-Commerce/assets/plugins/revolution-slider/rs-plugin/images/gradient/g30.png]
[htmlstream.com/preview/unify-v1.9.6/E-Commerce/assets/plugins/revolution-slider/rs-plugin/images/gradient/g40.png]
[htmlstream.com/preview/unify-v1.9.6/E-Commerce/assets/plugins/revolution-slider/rs-plugin/assets/shadow1.png]
[htmlstream.com/preview/unify-v1.9.6/E-Commerce/assets/plugins/revolution-slider/rs-plugin/assets/shadow2.png]
[htmlstream.com/preview/unify-v1.9.6/E-Commerce/assets/plugins/revolution-slider/rs-plugin/assets/shadow3.png]
[htmlstream.com/preview/unify-v1.9.6/E-Commerce/assets/plugins/revolution-slider/rs-plugin/assets/gridtile.png]
[htmlstream.com/preview/unify-v1.9.6/E-Commerce/assets/plugins/revolution-slider/rs-plugin/assets/gridtile_white.png]
[htmlstream.com/preview/unify-v1.9.6/E-Commerce/assets/plugins/revolution-slider/rs-plugin/assets/gridtile_3x3.png]
[htmlstream.com/preview/unify-v1.9.6/E-Commerce/assets/plugins/revolution-slider/rs-plugin/assets/gridtile_3x3_white.png]
[htmlstream.com/preview/unify-v1.9.6/E-Commerce/assets/plugins/revolution-slider/rs-plugin/assets/boxed_bgtile.png]
[htmlstream.com/preview/unify-v1.9.6/E-Commerce/assets/plugins/revolution-slider/rs-plugin/assets/navigdots_bgtile.png]
[htmlstream.com/preview/unify-v1.9.6/E-Commerce/assets/plugins/revolution-slider/rs-plugin/assets/bullet.png]
[htmlstream.com/preview/unify-v1.9.6/E-Commerce/assets/plugins/revolution-slider/rs-plugin/assets/bullets.png]
[htmlstream.com/preview/unify-v1.9.6/E-Commerce/assets/plugins/revolution-slider/rs-plugin/assets/bullets2.png]
[htmlstream.com/preview/unify-v1.9.6/E-Commerce/assets/plugins/revolution-slider/rs-plugin/assets/bullet_boxed.png]
[htmlstream.com/preview/unify-v1.9.6/E-Commerce/assets/plugins/revolution-slider/rs-plugin/assets/navigdots.png]
[htmlstream.com/preview/unify-v1.9.6/E-Commerce/assets/plugins/revolution-slider/rs-plugin/assets/large_left.png]
[htmlstream.com/preview/unify-v1.9.6/E-Commerce/assets/plugins/revolution-slider/rs-plugin/assets/large_right.png]
[htmlstream.com/preview/unify-v1.9.6/E-Commerce/assets/plugins/revolution-slider/rs-plugin/assets/small_left.png]
[htmlstream.com/preview/unify-v1.9.6/E-Commerce/assets/plugins/revolution-slider/rs-plugin/assets/small_right.png]
[htmlstream.com/preview/unify-v1.9.6/E-Commerce/assets/plugins/revolution-slider/rs-plugin/assets/arrow_left.png]
[htmlstream.com/preview/unify-v1.9.6/E-Commerce/assets/plugins/revolution-slider/rs-plugin/assets/arrow_right.png]
[htmlstream.com/preview/unify-v1.9.6/E-Commerce/assets/plugins/revolution-slider/rs-plugin/assets/small_left_boxed.png]
[htmlstream.com/preview/unify-v1.9.6/E-Commerce/assets/plugins/revolution-slider/rs-plugin/assets/small_right_boxed.png]
[htmlstream.com/preview/unify-v1.9.6/E-Commerce/assets/plugins/revolution-slider/rs-plugin/assets/arrowleft.png]
[htmlstream.com/preview/unify-v1.9.6/E-Commerce/assets/plugins/revolution-slider/rs-plugin/assets/arrowright.png]
[htmlstream.com/preview/unify-v1.9.6/E-Commerce/assets/plugins/revolution-slider/rs-plugin/assets/arrow_left2.png]
[htmlstream.com/preview/unify-v1.9.6/E-Commerce/assets/plugins/revolution-slider/rs-plugin/assets/arrow_right2.png]
[htmlstream.com/preview/unify-v1.9.6/E-Commerce/assets/plugins/revolution-slider/rs-plugin/assets/timer.png]
[htmlstream.com/preview/unify-v1.9.6/E-Commerce/assets/plugins/revolution-slider/rs-plugin/assets/coloredbg.png]
[htmlstream.com/preview/unify-v1.9.6/E-Commerce/assets/plugins/revolution-slider/rs-plugin/assets/loader.gif]
[htmlstream.com/preview/unify-v1.9.6/E-Commerce/assets/plugins/revolution-slider/rs-plugin/font/revicons90c6.eot]
[htmlstream.com/preview/unify-v1.9.6/E-Commerce/assets/plugins/revolution-slider/rs-plugin/font/revicons90c6.woff]
[htmlstream.com/preview/unify-v1.9.6/E-Commerce/assets/plugins/revolution-slider/rs-plugin/font/revicons90c6.ttf]
[htmlstream.com/preview/unify-v1.9.6/E-Commerce/assets/plugins/revolution-slider/rs-plugin/css/settings.css]
[htmlstream.com/preview/unify-v1.9.6/E-Commerce/assets/img/5.jpg]
[htmlstream.com/preview/unify-v1.9.6/E-Commerce/assets/plugins/owl-carousel2/owl.carousel.min.js]
[htmlstream.com/preview/unify-v1.9.6/E-Commerce/assets/js/plugins/owl-carousel-rtl.js]
[htmlstream.com/preview/unify-v1.9.6/E-Commerce/RTL/index.html]
[htmlstream.com/preview/unify-v1.9.6/E-Commerce/assets/plugins/sky-forms-pro/skyforms/css/sky-forms.css]
[htmlstream.com/preview/unify-v1.9.6/E-Commerce/assets/plugins/sky-forms-pro/skyforms/custom/custom-sky-forms.css]
[htmlstream.com/preview/unify-v1.9.6/E-Commerce/assets/plugins/master-slider/masterslider/style/loading-2.gif]
[htmlstream.com/preview/unify-v1.9.6/E-Commerce/assets/plugins/master-slider/masterslider/style/grab.png]
[htmlstream.com/preview/unify-v1.9.6/E-Commerce/assets/plugins/master-slider/masterslider/style/grabbing.png]
[htmlstream.com/preview/unify-v1.9.6/E-Commerce/assets/plugins/master-slider/masterslider/style/video-close-btn.png]
[htmlstream.com/preview/unify-v1.9.6/E-Commerce/assets/plugins/master-slider/masterslider/style/masterslider.css]
[htmlstream.com/preview/unify-v1.9.6/E-Commerce/assets/plugins/master-slider/masterslider/skins/default/light-skin-1.png]
[htmlstream.com/preview/unify-v1.9.6/E-Commerce/assets/plugins/master-slider/masterslider/skins/default/light-skin-1-retina.png]
[htmlstream.com/preview/unify-v1.9.6/E-Commerce/assets/plugins/master-slider/masterslider/skins/default/style.css]
[htmlstream.com/preview/unify-v1.9.6/E-Commerce/assets/plugins/master-slider/quick-start/masterslider/style/masterslider.css]
[htmlstream.com/preview/unify-v1.9.6/E-Commerce/assets/plugins/master-slider/quick-start/masterslider/skins/default/style.css]
[htmlstream.com/preview/unify-v1.9.6/E-Commerce/assets/plugins/master-slider/quick-start/masterslider/masterslider.min.js]
[htmlstream.com/preview/unify-v1.9.6/E-Commerce/assets/plugins/master-slider/quick-start/masterslider/jquery.easing.min.js]
[htmlstream.com/preview/unify-v1.9.6/E-Commerce/RTL/shop-ui-inner.html]
[htmlstream.com/preview/unify-v1.9.6/E-Commerce/RTL/shop-ui-filter-list.html]
[htmlstream.com/preview/unify-v1.9.6/E-Commerce/assets/plugins/bootstrap/css/bootstrap-rtl.min.html]
[htmlstream.com/preview/unify-v1.9.6/E-Commerce/assets/css/css-rtl/shop.style-rtl.css]
[htmlstream.com/preview/unify-v1.9.6/E-Commerce/assets/css/css-rtl/headers/header-v5-rtl.css]
[htmlstream.com/preview/unify-v1.9.6/E-Commerce/assets/css/css-rtl/footers/footer-v4-rtl.css]
[htmlstream.com/preview/unify-v1.9.6/E-Commerce/assets/css/css-rtl/rtl.css]
[htmlstream.com/preview/unify-v1.9.6/E-Commerce/assets/css/css-rtl/custom-rtl.css]
[htmlstream.com/preview/unify-v1.9.6/E-Commerce/assets/img/icons/social/amazon.html]
[htmlstream.com/preview/unify-v1.9.6/E-Commerce/assets/img/icons/social/behance.html]
[htmlstream.com/preview/unify-v1.9.6/E-Commerce/assets/img/icons/social/blogger.html]
[htmlstream.com/preview/unify-v1.9.6/E-Commerce/assets/img/icons/social/deviantart.html]
[htmlstream.com/preview/unify-v1.9.6/E-Commerce/assets/img/icons/social/dribbble.html]
[htmlstream.com/preview/unify-v1.9.6/E-Commerce/assets/img/icons/social/dropbox.html]
[htmlstream.com/preview/unify-v1.9.6/E-Commerce/assets/img/icons/social/evernote.html]
[htmlstream.com/preview/unify-v1.9.6/E-Commerce/assets/img/icons/social/facebook.html]
[htmlstream.com/preview/unify-v1.9.6/E-Commerce/assets/img/icons/social/forrst.html]
[htmlstream.com/preview/unify-v1.9.6/E-Commerce/assets/img/icons/social/github.html]
[htmlstream.com/preview/unify-v1.9.6/E-Commerce/assets/img/icons/social/googleplus.html]
[htmlstream.com/preview/unify-v1.9.6/E-Commerce/assets/img/icons/social/jolicloud.html]
[htmlstream.com/preview/unify-v1.9.6/E-Commerce/assets/img/icons/social/last-fm.html]
[htmlstream.com/preview/unify-v1.9.6/E-Commerce/assets/img/icons/social/linkedin.html]
[htmlstream.com/preview/unify-v1.9.6/E-Commerce/assets/img/icons/social/picasa.html]
[htmlstream.com/preview/unify-v1.9.6/E-Commerce/assets/img/icons/social/pintrest.html]
[htmlstream.com/preview/unify-v1.9.6/E-Commerce/assets/img/icons/social/rss.html]
[htmlstream.com/preview/unify-v1.9.6/E-Commerce/assets/img/icons/social/skype.html]
[htmlstream.com/preview/unify-v1.9.6/E-Commerce/assets/img/icons/social/spotify.html]
[htmlstream.com/preview/unify-v1.9.6/E-Commerce/assets/img/icons/social/stumbleupon.html]
[htmlstream.com/preview/unify-v1.9.6/E-Commerce/assets/img/icons/social/tumblr.html]
[htmlstream.com/preview/unify-v1.9.6/E-Commerce/assets/img/icons/social/twitter.html]
[htmlstream.com/preview/unify-v1.9.6/E-Commerce/assets/img/icons/social/vimeo.html]
[htmlstream.com/preview/unify-v1.9.6/E-Commerce/assets/img/icons/social/wordpress.html]
[htmlstream.com/preview/unify-v1.9.6/E-Commerce/assets/img/icons/social/xing.html]
[htmlstream.com/preview/unify-v1.9.6/E-Commerce/assets/img/icons/social/yahoo.html]
[htmlstream.com/preview/unify-v1.9.6/E-Commerce/assets/img/icons/social/youtube.html]
[htmlstream.com/preview/unify-v1.9.6/E-Commerce/assets/img/icons/social/vk.html]
[htmlstream.com/preview/unify-v1.9.6/E-Commerce/assets/img/icons/social/instagram.html]
[htmlstream.com/preview/unify-v1.9.6/E-Commerce/assets/img/patterns/5.html]
[htmlstream.com/preview/unify-v1.9.6/E-Commerce/assets/img/patterns/16.html]
[htmlstream.com/preview/unify-v1.9.6/E-Commerce/assets/img/bg/img1.html]
[htmlstream.com/preview/unify-v1.9.6/E-Commerce/assets/img/bg/img5.html]
[htmlstream.com/preview/unify-v1.9.6/E-Commerce/assets/img/bg/img10.html]
[htmlstream.com/preview/unify-v1.9.6/E-Commerce/assets/img/bg/img11.html]
[htmlstream.com/preview/unify-v1.9.6/E-Commerce/assets/img/bg/img6.html]
[htmlstream.com/preview/unify-v1.9.6/E-Commerce/assets/img/patterns/breadcrumbs.html]
[htmlstream.com/preview/unify-v1.9.6/E-Commerce/assets/video/youtube-business/video-business-img1.html]
[htmlstream.com/preview/unify-v1.9.6/E-Commerce/assets/img/breadcrumbs/img1.html]
[htmlstream.com/preview/unify-v1.9.6/E-Commerce/assets/img/bg/11.html]
[htmlstream.com/preview/unify-v1.9.6/E-Commerce/assets/img/breadcrumbs/img2.html]
[htmlstream.com/preview/unify-v1.9.6/E-Commerce/assets/img/breadcrumbs/img3.html]
[htmlstream.com/preview/unify-v1.9.6/E-Commerce/assets/img/bg/7.html]
[htmlstream.com/preview/unify-v1.9.6/E-Commerce/assets/img/team/faces.html]
[htmlstream.com/preview/unify-v1.9.6/E-Commerce/assets/img/patterns/gridtile.html]
[htmlstream.com/preview/unify-v1.9.6/E-Commerce/assets/img/bg/25.html]
[htmlstream.com/preview/unify-v1.9.6/E-Commerce/assets/img/bg/19.html]
[htmlstream.com/preview/unify-v1.9.6/E-Commerce/assets/img/bg/18.html]
[htmlstream.com/preview/unify-v1.9.6/E-Commerce/assets/img/bg/14.html]
[htmlstream.com/preview/unify-v1.9.6/E-Commerce/assets/img/bg/img8.html]
[htmlstream.com/preview/unify-v1.9.6/E-Commerce/assets/img/bg/img9.html]
[htmlstream.com/preview/unify-v1.9.6/E-Commerce/assets/img/intro/promo.html]
[htmlstream.com/preview/unify-v1.9.6/E-Commerce/assets/img/breadcrumbs.html]
[htmlstream.com/preview/unify-v1.9.6/E-Commerce/assets/img/bg-black.html]
[htmlstream.com/preview/unify-v1.9.6/E-Commerce/assets/img/patterns/17.html]
[htmlstream.com/preview/unify-v1.9.6/E-Commerce/assets/img/bg/16.html]
[htmlstream.com/preview/unify-v1.9.6/E-Commerce/assets/plugins/jquery-steps/css/custom-jquery.steps-rtl.css]
[htmlstream.com/preview/unify-v1.9.6/E-Commerce/ABCDEFGHIJKLMNOPQRSTUVWXYZabcdefghijklmnopqrstuvwxyz0123456789+/index.html]
[htmlstream.com/preview/unify-v1.9.6/E-Commerce/dialog/index.html]
[htmlstream.com/preview/unify-v1.9.6/E-Commerce/%s/profile4d6d.html]
[htmlstream.com/preview/unify-v1.9.6/E-Commerce/assets/css/css-rtl/pages/log-reg-v3-rtl.css]
[htmlstream.com/preview/unify-v1.9.6/E-Commerce/assets/plugins/revolution-slider/rs-plugin/font/revicons90c6.svg]
[htmlstream.com/preview/unify-v1.9.6/E-Commerce/assets/plugins/owl-carousel2/assets/owl.carousel.css]
[htmlstream.com/preview/unify-v1.9.6/E-Commerce/assets/css/theme-colors/dark-red.css]
[htmlstream.com/preview/unify-v1.9.6/E-Commerce/assets/plugins/sky-forms-pro/skyforms/css/sky-forms-rtl.css]
[htmlstream.com/preview/unify-v1.9.6/E-Commerce/assets/plugins/sky-forms-pro/skyforms/custom/custom-sky-forms-rtl.css]
[htmlstream.com/preview/unify-v1.9.6/E-Commerce/assets/plugins/master-slider/quick-start/masterslider/style/masterslider.html]
[htmlstream.com/preview/unify-v1.9.6/E-Commerce/assets/plugins/master-slider/quick-start/masterslider/skins/default/style.html]
[htmlstream.com/preview/unify-v1.9.6/E-Commerce/assets/plugins/master-slider/quick-start/masterslider/masterslider.min.html]
[htmlstream.com/preview/unify-v1.9.6/E-Commerce/assets/plugins/master-slider/quick-start/masterslider/jquery.easing.min.html]
[htmlstream.com/preview/unify-v1.9.6/E-Commerce/assets/css/css-rtl/app-rtl.css]
[htmlstream.com/preview/unify-v1.9.6/E-Commerce/assets/css/css-rtl/shop.plugins-rtl.css]
[htmlstream.com/preview/unify-v1.9.6/E-Commerce/assets/css/css-rtl/shop.blocks-rtl.css]
[htmlstream.com/preview/unify-v1.9.6/E-Commerce/assets/plugins/owl-carousel2/assets/owl.video.play.html]
